// Jest Snapshot v1, https://goo.gl/fbAQLP

exports[`<BlogPostList /> Renders the list of blog posts 1`] = `ReactWrapper {}`;
